| test.c:6:1:6:25 | #define MACRO4(x) (x + 1) | Macro used instead of a function. |
| test.c:11:1:11:48 | #define MACRO9() printf_custom("output = %d", 7) | Macro used instead of a function. |
