| test.cpp:7:3:7:10 | goto ... | The $@ statement jumps to a $@ that is not declared later in the same function. | test.cpp:7:3:7:10 | goto ... | l1 | test.cpp:3:1:3:3 | label ...: | label ...: |
| test.cpp:19:3:19:10 | goto ... | The $@ statement jumps to a $@ that is not declared later in the same function. | test.cpp:19:3:19:10 | goto ... | l2 | test.cpp:15:1:15:3 | label ...: | label ...: |
| test.cpp:21:3:21:10 | goto ... | The $@ statement jumps to a $@ that is not declared later in the same function. | test.cpp:21:3:21:10 | goto ... | l1 | test.cpp:14:1:14:3 | label ...: | label ...: |
| test.cpp:26:3:26:10 | goto ... | The $@ statement jumps to a $@ that is not declared later in the same function. | test.cpp:26:3:26:10 | goto ... | l1 | test.cpp:25:1:25:3 | label ...: | label ...: |
