| test.cpp:9:7:9:7 | i | If condition has non boolean type int. |
| test.cpp:11:7:11:7 | call to f | If condition has non boolean type int. |
| test.cpp:14:7:14:7 | a | If condition has non boolean type void *. |
