| function1.c:6:6:6:7 | declaration of f3 | The return type of re-declaration of $@ is not compatible with declaration $@ | function1.c:6:6:6:7 | declaration of f3 | f3 | function1.c:8:4:8:5 | declaration of f3 | f3 |
| function1.c:8:4:8:5 | declaration of f3 | The return type of re-declaration of $@ is not compatible with declaration $@ | function1.c:8:4:8:5 | declaration of f3 | f3 | function1.c:6:6:6:7 | declaration of f3 | f3 |
| function1.c:8:4:8:5 | declaration of f3 | The return type of re-declaration of $@ is not compatible with declaration $@ | function1.c:8:4:8:5 | declaration of f3 | f3 | function2.c:4:6:4:7 | declaration of f3 | f3 |
| function1.c:9:6:9:7 | declaration of f4 | The return type of re-declaration of $@ is not compatible with declaration $@ | function1.c:9:6:9:7 | declaration of f4 | f4 | function2.c:5:5:5:6 | declaration of f4 | f4 |
| function1.c:13:5:13:6 | definition of f6 | The return type of re-declaration of $@ is not compatible with declaration $@ | function1.c:13:5:13:6 | definition of f6 | f6 | function2.c:9:6:9:7 | definition of f6 | f6 |
| function1.c:21:3:21:5 | definition of f21 | The parameter types of re-declaration of $@ is not compatible with declaration $@ | function1.c:21:3:21:5 | definition of f21 | f21 | function2.c:17:10:17:12 | declaration of f21 | f21 |
| function1.c:25:6:25:8 | definition of f22 | The parameter names of re-declaration of $@ is not compatible with declaration $@ | function1.c:25:6:25:8 | definition of f22 | f22 | function2.c:19:13:19:15 | declaration of f22 | f22 |
| function2.c:4:6:4:7 | declaration of f3 | The return type of re-declaration of $@ is not compatible with declaration $@ | function2.c:4:6:4:7 | declaration of f3 | f3 | function1.c:8:4:8:5 | declaration of f3 | f3 |
| function2.c:5:5:5:6 | declaration of f4 | The return type of re-declaration of $@ is not compatible with declaration $@ | function2.c:5:5:5:6 | declaration of f4 | f4 | function1.c:9:6:9:7 | declaration of f4 | f4 |
| function2.c:9:6:9:7 | definition of f6 | The return type of re-declaration of $@ is not compatible with declaration $@ | function2.c:9:6:9:7 | definition of f6 | f6 | function1.c:13:5:13:6 | definition of f6 | f6 |
| function2.c:17:10:17:12 | declaration of f21 | The parameter types of re-declaration of $@ is not compatible with declaration $@ | function2.c:17:10:17:12 | declaration of f21 | f21 | function1.c:21:3:21:5 | definition of f21 | f21 |
| function2.c:19:13:19:15 | declaration of f22 | The parameter names of re-declaration of $@ is not compatible with declaration $@ | function2.c:19:13:19:15 | declaration of f22 | f22 | function1.c:25:6:25:8 | definition of f22 | f22 |
