| test.c:1:1:1:16 | #define int long | Redefinition of keyword 'int'. |
| test.c:2:1:2:30 | #define while (E) for (; (E);) | Redefinition of keyword 'while'. |
