| test.c:5:3:24:3 | switch (...) ...  | $@ statement not well formed because the first statement in a well formed switch statement must be a case clause. | test.c:5:3:24:3 | switch (...) ...  | Switch |
