| test.cpp:20:6:20:8 | min | The function $@ reuses a reserved standard library name. | test.cpp:20:6:20:8 | min | min |
