| test.cpp:18:5:18:10 | tzname | The variable $@ reuses a reserved standard library name. | test.cpp:18:5:18:10 | tzname | tzname |
