| test.cpp:13:1:13:15 | #undef noreturn | Redefinition of $@ lexically identical to reserved attribute token. | test.cpp:13:1:13:15 | #undef noreturn | noreturn |
| test.cpp:14:1:14:17 | #define private 1 | Redefinition of $@ lexically identical to keyword. | test.cpp:14:1:14:17 | #define private 1 | private |
