| test.cpp:22:6:22:17 | operator ""x | Literal suffix identifier $@ does not start with an underscore. | test.cpp:22:6:22:17 | operator ""x | operator ""x |
