| test.cpp:26:5:26:6 | _X | Name $@ uses the reserved prefix '_'. | test.cpp:26:5:26:6 | _X | _X |
| test.cpp:27:5:27:6 | _x | Name $@ uses the reserved prefix '_'. | test.cpp:27:5:27:6 | _x | _x |
| test.cpp:31:5:31:6 | _X | Name $@ uses the reserved prefix '_'. | test.cpp:31:5:31:6 | _X | _X |
| test.cpp:35:1:35:3 | _i | Name $@ uses the reserved prefix '_'. | test.cpp:35:1:35:3 | _i | _i |
| test.h:2:1:2:15 | #define _TEST_H | Name $@ uses the reserved prefix '_'. | test.h:2:1:2:15 | #define _TEST_H | _TEST_H |
