| test.c:6:3:6:8 | call to system | Call to banned function system. |
| test.c:14:3:14:8 | call to system | Call to banned function system. |
| test.c:15:3:15:8 | call to system | Call to banned function system. |
| test.c:16:3:16:8 | call to system | Call to banned function system. |
| test.c:17:3:17:8 | call to system | Call to banned function system. |
