| test.c:55:3:55:18 | ... = ... | An object $@ assigned to overlapping object $@. | test.c:55:9:55:10 | m2 | m2 | test.c:55:17:55:18 | m1 | m1 |
