| test.c:7:7:7:12 | setjmp | Use of setjmp. |
| test.c:8:3:8:9 | call to longjmp | Use of longjmp. |
