| test.c:3:6:3:7 | f1 | Function f1 declares parameter that is unnamed. |
| test.c:4:6:4:7 | f2 | Function f2 does not specifiy void for no parameters present. |
| test.c:5:6:5:7 | f3 | Function f3 does not specifiy void for no parameters present. |
| test.c:7:5:7:6 | f5 | Function f5 declares parameter in unsupported declaration list. |
