| test.cpp:1:1:1:19 | #include "test.hpp" | Nothing in this file uses anything from "test.hpp" |
| test.cpp:2:1:2:20 | #include <algorithm> | Nothing in this file uses anything from <algorithm> |
