| test.c:6:18:6:21 | call to time | Call to banned function time. |
| test.c:9:19:9:23 | call to ctime | Call to banned function ctime. |
| test.c:17:3:17:6 | call to time | Call to banned function time. |
| test.c:18:8:18:16 | call to localtime | Call to banned function localtime. |
| test.c:19:3:19:10 | call to wcsftime | Call to banned function wcsftime. |
